AR counter behavioral D:/books/darsi/7/az_cad/proj/main/counter.vhd sub00/vhpl03 1540018509
AR top_module behavioral D:/books/darsi/7/az_cad/proj/main/top_module.vhd sub00/vhpl05 1540018511
EN my_dcm NULL D:/books/darsi/7/az_cad/proj/main/my_dcm.vhd sub00/vhpl00 1540018506
EN top_module NULL D:/books/darsi/7/az_cad/proj/main/top_module.vhd sub00/vhpl04 1540018510
EN counter NULL D:/books/darsi/7/az_cad/proj/main/counter.vhd sub00/vhpl02 1540018508
AR my_dcm behavioral D:/books/darsi/7/az_cad/proj/main/my_dcm.vhd sub00/vhpl01 1540018507
